2026-09-23 12:00:57,769 INFO STR interruption tool version 1.4.7
2026-09-23 12:00:57,772 INFO Input audit: 6900 SVGs, 69 observed loci, 0 unconfigured loci
2026-09-23 12:00:57,775 INFO Processing 6900 SVG files with 4 worker(s)
2026-09-23 12:00:57,912 INFO Processed 1/6900 SVG files
2026-09-23 12:00:59,512 INFO Processed 100/6900 SVG files
2026-09-23 12:01:01,176 INFO Processed 200/6900 SVG files
2026-09-23 12:01:02,865 INFO Processed 300/6900 SVG files
2026-09-23 12:01:04,334 INFO Processed 400/6900 SVG files
2026-09-23 12:01:05,882 INFO Processed 500/6900 SVG files
2026-09-23 12:01:07,141 INFO Processed 600/6900 SVG files
2026-09-23 12:01:09,171 INFO Processed 700/6900 SVG files
2026-09-23 12:01:11,863 INFO Processed 800/6900 SVG files
2026-09-23 12:01:14,186 INFO Processed 900/6900 SVG files
2026-09-23 12:01:16,115 INFO Processed 1000/6900 SVG files
2026-09-23 12:01:18,018 INFO Processed 1100/6900 SVG files
2026-09-23 12:01:20,234 INFO Processed 1200/6900 SVG files
2026-09-23 12:01:22,104 INFO Processed 1300/6900 SVG files
2026-09-23 12:01:23,579 INFO Processed 1400/6900 SVG files
2026-09-23 12:01:25,265 INFO Processed 1500/6900 SVG files
2026-09-23 12:01:26,884 INFO Processed 1600/6900 SVG files
2026-09-23 12:01:28,527 INFO Processed 1700/6900 SVG files
2026-09-23 12:01:30,487 INFO Processed 1800/6900 SVG files
2026-09-23 12:01:33,486 INFO Processed 1900/6900 SVG files
2026-09-23 12:01:35,023 INFO Processed 2000/6900 SVG files
2026-09-23 12:01:36,463 INFO Processed 2100/6900 SVG files
2026-09-23 12:01:38,317 INFO Processed 2200/6900 SVG files
2026-09-23 12:01:40,103 INFO Processed 2300/6900 SVG files
2026-09-23 12:01:42,010 INFO Processed 2400/6900 SVG files
2026-09-23 12:01:44,067 INFO Processed 2500/6900 SVG files
2026-09-23 12:01:46,683 INFO Processed 2600/6900 SVG files
2026-09-23 12:01:49,183 INFO Processed 2700/6900 SVG files
2026-09-23 12:01:51,215 INFO Processed 2800/6900 SVG files
2026-09-23 12:01:53,352 INFO Processed 2900/6900 SVG files
2026-09-23 12:01:55,186 INFO Processed 3000/6900 SVG files
2026-09-23 12:01:57,084 INFO Processed 3100/6900 SVG files
2026-09-23 12:01:58,868 INFO Processed 3200/6900 SVG files
2026-09-23 12:02:01,079 INFO Processed 3300/6900 SVG files
2026-09-23 12:02:03,055 INFO Processed 3400/6900 SVG files
2026-09-23 12:02:05,046 INFO Processed 3500/6900 SVG files
2026-09-23 12:02:06,973 INFO Processed 3600/6900 SVG files
2026-09-23 12:02:08,755 INFO Processed 3700/6900 SVG files
2026-09-23 12:02:10,766 INFO Processed 3800/6900 SVG files
2026-09-23 12:02:12,830 INFO Processed 3900/6900 SVG files
2026-09-23 12:02:15,459 INFO Processed 4000/6900 SVG files
2026-09-23 12:02:17,551 INFO Processed 4100/6900 SVG files
2026-09-23 12:02:19,350 INFO Processed 4200/6900 SVG files
2026-09-23 12:02:21,160 INFO Processed 4300/6900 SVG files
2026-09-23 12:02:22,782 INFO Processed 4400/6900 SVG files
2026-09-23 12:02:24,902 INFO Processed 4500/6900 SVG files
2026-09-23 12:02:27,075 INFO Processed 4600/6900 SVG files
2026-09-23 12:02:29,210 INFO Processed 4700/6900 SVG files
2026-09-23 12:02:30,855 INFO Processed 4800/6900 SVG files
2026-09-23 12:02:32,489 INFO Processed 4900/6900 SVG files
2026-09-23 12:02:34,934 INFO Processed 5000/6900 SVG files
2026-09-23 12:02:36,720 INFO Processed 5100/6900 SVG files
2026-09-23 12:02:38,620 INFO Processed 5200/6900 SVG files
2026-09-23 12:02:40,054 INFO Processed 5300/6900 SVG files
2026-09-23 12:02:42,755 INFO Processed 5400/6900 SVG files
2026-09-23 12:02:45,672 INFO Processed 5500/6900 SVG files
2026-09-23 12:02:47,400 INFO Processed 5600/6900 SVG files
2026-09-23 12:02:49,268 INFO Processed 5700/6900 SVG files
2026-09-23 12:02:50,880 INFO Processed 5800/6900 SVG files
2026-09-23 12:02:53,833 INFO Processed 5900/6900 SVG files
2026-09-23 12:02:55,920 INFO Processed 6000/6900 SVG files
2026-09-23 12:02:58,001 INFO Processed 6100/6900 SVG files
2026-09-23 12:03:00,729 INFO Processed 6200/6900 SVG files
2026-09-23 12:03:02,219 INFO Processed 6300/6900 SVG files
2026-09-23 12:03:03,870 INFO Processed 6400/6900 SVG files
2026-09-23 12:03:07,096 INFO Processed 6500/6900 SVG files
2026-09-23 12:03:09,052 INFO Processed 6600/6900 SVG files
2026-09-23 12:03:11,178 INFO Processed 6700/6900 SVG files
2026-09-23 12:03:12,740 INFO Processed 6800/6900 SVG files
2026-09-23 12:03:13,920 INFO Processed 6900/6900 SVG files
2026-09-23 12:03:50,890 INFO Completed: 6900 component calls, 0 errors, 1283 review calls
